
==========================================================================
floorplan final report_tns
--------------------------------------------------------------------------
tns max 0.00

==========================================================================
floorplan final report_wns
--------------------------------------------------------------------------
wns max 0.00

==========================================================================
floorplan final report_worst_slack
--------------------------------------------------------------------------
worst slack max 9.93

==========================================================================
floorplan final report_clock_min_period
--------------------------------------------------------------------------
core_clk period_min = 10.07 fmax = 99.31
vclk_core period_min = 0.00 fmax = inf

==========================================================================
floorplan final report_checks -path_delay min
--------------------------------------------------------------------------
Startpoint: u_ex_mem.reg_write_o$_DFFE_PN0N_
            (rising edge-triggered flip-flop clocked by core_clk)
Endpoint: u_mem_wb.reg_write_o$_DFF_PN0_
          (rising edge-triggered flip-flop clocked by core_clk)
Path Group: core_clk
Path Type: min

Fanout     Cap    Slew   Delay    Time   Description
-----------------------------------------------------------------------------
                  0.00    0.00    0.00   clock core_clk (rise edge)
                          0.00    0.00   clock network delay (ideal)
                  0.00    0.00    0.00 ^ u_ex_mem.reg_write_o$_DFFE_PN0N_/CLK (sky130_fd_sc_hd__dfrtp_1)
     3    0.01    0.08    0.33    0.33 ^ u_ex_mem.reg_write_o$_DFFE_PN0N_/Q (sky130_fd_sc_hd__dfrtp_1)
                                         mem_reg_write (net)
                  0.08    0.00    0.33 ^ u_mem_wb.reg_write_o$_DFF_PN0_/D (sky130_fd_sc_hd__dfrtp_1)
                                  0.33   data arrival time

                  0.00    0.00    0.00   clock core_clk (rise edge)
                          0.00    0.00   clock network delay (ideal)
                          0.00    0.00   clock reconvergence pessimism
                                  0.00 ^ u_mem_wb.reg_write_o$_DFF_PN0_/CLK (sky130_fd_sc_hd__dfrtp_1)
                         -0.05   -0.05   library hold time
                                 -0.05   data required time
-----------------------------------------------------------------------------
                                 -0.05   data required time
                                 -0.33   data arrival time
-----------------------------------------------------------------------------
                                  0.37   slack (MET)


Startpoint: u_lsu.dbus_addr_o[10]$_DFFE_PN0P_
            (rising edge-triggered flip-flop clocked by core_clk)
Endpoint: dbus_addr_o[10] (output port clocked by vclk_core)
Path Group: vclk_core
Path Type: min

Fanout     Cap    Slew   Delay    Time   Description
-----------------------------------------------------------------------------
                  0.00    0.00    0.00   clock core_clk (rise edge)
                          0.00    0.00   clock network delay (ideal)
                  0.00    0.00    0.00 ^ u_lsu.dbus_addr_o[10]$_DFFE_PN0P_/CLK (sky130_fd_sc_hd__dfrtp_1)
     2    0.00    0.04    0.29    0.29 ^ u_lsu.dbus_addr_o[10]$_DFFE_PN0P_/Q (sky130_fd_sc_hd__dfrtp_1)
                                         dbus_addr_o[10] (net)
                  0.04    0.00    0.29 ^ dbus_addr_o[10] (out)
                                  0.29   data arrival time

                  0.00    0.00    0.00   clock vclk_core (rise edge)
                          0.00    0.00   clock network delay (ideal)
                          0.00    0.00   clock reconvergence pessimism
                         -4.00   -4.00   output external delay
                                 -4.00   data required time
-----------------------------------------------------------------------------
                                 -4.00   data required time
                                 -0.29   data arrival time
-----------------------------------------------------------------------------
                                  4.29   slack (MET)



==========================================================================
floorplan final report_checks -path_delay max
--------------------------------------------------------------------------
Startpoint: u_id_ex.instr_o[21]$_DFFE_PN0P_
            (rising edge-triggered flip-flop clocked by core_clk)
Endpoint: u_perf.stores_o[49]$_DFFE_PN0P_
          (rising edge-triggered flip-flop clocked by core_clk)
Path Group: core_clk
Path Type: max

Fanout     Cap    Slew   Delay    Time   Description
-----------------------------------------------------------------------------
                  0.00    0.00    0.00   clock core_clk (rise edge)
                          0.00    0.00   clock network delay (ideal)
                  0.00    0.00    0.00 ^ u_id_ex.instr_o[21]$_DFFE_PN0P_/CLK (sky130_fd_sc_hd__dfrtp_1)
     1    0.00    0.04    0.29    0.29 ^ u_id_ex.instr_o[21]$_DFFE_PN0P_/Q (sky130_fd_sc_hd__dfrtp_1)
                                         ex_csr_addr[1] (net)
                  0.04    0.00    0.29 ^ _25025_/A (sky130_fd_sc_hd__clkbuf_1)
     8    0.02    0.22    0.20    0.49 ^ _25025_/X (sky130_fd_sc_hd__clkbuf_1)
                                         _06356_ (net)
                  0.22    0.00    0.49 ^ _25026_/A (sky130_fd_sc_hd__clkbuf_1)
    10    0.02    0.30    0.29    0.78 ^ _25026_/X (sky130_fd_sc_hd__clkbuf_1)
                                         _06357_ (net)
                  0.30    0.00    0.78 ^ _25027_/A (sky130_fd_sc_hd__buf_1)
    10    0.03    0.34    0.33    1.11 ^ _25027_/X (sky130_fd_sc_hd__buf_1)
                                         _06358_ (net)
                  0.34    0.00    1.11 ^ _25028_/A (sky130_fd_sc_hd__buf_1)
    10    0.04    0.42    0.39    1.50 ^ _25028_/X (sky130_fd_sc_hd__buf_1)
                                         _06359_ (net)
                  0.42    0.00    1.50 ^ _25029_/B (sky130_fd_sc_hd__xnor2_1)
     1    0.00    0.12    0.16    1.67 ^ _25029_/Y (sky130_fd_sc_hd__xnor2_1)
                                         _06360_ (net)
                  0.12    0.00    1.67 ^ _25030_/D (sky130_fd_sc_hd__nand4_1)
     1    0.00    0.06    0.09    1.76 v _25030_/Y (sky130_fd_sc_hd__nand4_1)
                                         _06361_ (net)
                  0.06    0.00    1.76 v _25031_/D (sky130_fd_sc_hd__or4_1)
     3    0.01    0.12    0.44    2.20 v _25031_/X (sky130_fd_sc_hd__or4_1)
                                         _00779_ (net)
                  0.12    0.00    2.20 v _26874_/A (sky130_fd_sc_hd__nand2_1)
     2    0.01    0.07    0.10    2.30 ^ _26874_/Y (sky130_fd_sc_hd__nand2_1)
                                         _00782_ (net)
                  0.07    0.00    2.30 ^ _26875_/A (sky130_fd_sc_hd__inv_1)
     1    0.00    0.03    0.04    2.34 v _26875_/Y (sky130_fd_sc_hd__inv_1)
                                         forward_b_sel[1] (net)
                  0.03    0.00    2.34 v _48851_/B (sky130_fd_sc_hd__ha_1)
     1    0.00    0.04    0.25    2.59 ^ _48851_/SUM (sky130_fd_sc_hd__ha_1)
                                         _00781_ (net)
                  0.04    0.00    2.59 ^ _24741_/A (sky130_fd_sc_hd__clkbuf_1)
     9    0.02    0.27    0.23    2.82 ^ _24741_/X (sky130_fd_sc_hd__clkbuf_1)
                                         _06086_ (net)
                  0.27    0.00    2.82 ^ _24980_/B (sky130_fd_sc_hd__nand2b_1)
     5    0.01    0.10    0.14    2.96 v _24980_/Y (sky130_fd_sc_hd__nand2b_1)
                                         _06316_ (net)
                  0.10    0.00    2.96 v _24981_/B1 (sky130_fd_sc_hd__o2111a_1)
     1    0.00    0.04    0.15    3.11 v _24981_/X (sky130_fd_sc_hd__o2111a_1)
                                         _06317_ (net)
                  0.04    0.00    3.11 v _24986_/A (sky130_fd_sc_hd__or3_1)
     1    0.00    0.06    0.35    3.46 v _24986_/X (sky130_fd_sc_hd__or3_1)
                                         _06322_ (net)
                  0.06    0.00    3.46 v _24987_/A (sky130_fd_sc_hd__buf_2)
     5    0.02    0.06    0.16    3.62 v _24987_/X (sky130_fd_sc_hd__buf_2)
                                         _06323_ (net)
                  0.06    0.00    3.62 v _27509_/A2 (sky130_fd_sc_hd__a21boi_4)
     9    0.03    0.24    0.25    3.86 ^ _27509_/Y (sky130_fd_sc_hd__a21boi_4)
                                         _08315_ (net)
                  0.24    0.00    3.86 ^ _27862_/A (sky130_fd_sc_hd__buf_4)
    10    0.04    0.11    0.22    4.08 ^ _27862_/X (sky130_fd_sc_hd__buf_4)
                                         _08491_ (net)
                  0.11    0.00    4.08 ^ _27863_/A (sky130_fd_sc_hd__buf_2)
    10    0.02    0.12    0.18    4.27 ^ _27863_/X (sky130_fd_sc_hd__buf_2)
                                         _08492_ (net)
                  0.12    0.00    4.27 ^ _27864_/A (sky130_fd_sc_hd__buf_2)
    10    0.04    0.18    0.23    4.50 ^ _27864_/X (sky130_fd_sc_hd__buf_2)
                                         _08493_ (net)
                  0.18    0.00    4.50 ^ _27865_/A (sky130_fd_sc_hd__clkbuf_1)
    10    0.03    0.32    0.30    4.80 ^ _27865_/X (sky130_fd_sc_hd__clkbuf_1)
                                         _08494_ (net)
                  0.32    0.00    4.80 ^ _27866_/A (sky130_fd_sc_hd__clkbuf_1)
    10    0.02    0.27    0.28    5.08 ^ _27866_/X (sky130_fd_sc_hd__clkbuf_1)
                                         _08495_ (net)
                  0.27    0.00    5.08 ^ _27867_/A (sky130_fd_sc_hd__clkbuf_1)
    10    0.03    0.30    0.30    5.38 ^ _27867_/X (sky130_fd_sc_hd__clkbuf_1)
                                         _08496_ (net)
                  0.30    0.00    5.38 ^ _27868_/A (sky130_fd_sc_hd__buf_1)
    11    0.03    0.36    0.34    5.73 ^ _27868_/X (sky130_fd_sc_hd__buf_1)
                                         _01092_ (net)
                  0.36    0.00    5.73 ^ _48996_/A (sky130_fd_sc_hd__ha_1)
     1    0.00    0.05    0.29    6.02 v _48996_/SUM (sky130_fd_sc_hd__ha_1)
                                         _01095_ (net)
                  0.05    0.00    6.02 v _28377_/A (sky130_fd_sc_hd__clkbuf_1)
     8    0.02    0.12    0.16    6.18 v _28377_/X (sky130_fd_sc_hd__clkbuf_1)
                                         _08870_ (net)
                  0.12    0.00    6.18 v _28378_/A1 (sky130_fd_sc_hd__o21bai_1)
     1    0.00    0.10    0.15    6.33 ^ _28378_/Y (sky130_fd_sc_hd__o21bai_1)
                                         _08871_ (net)
                  0.10    0.00    6.33 ^ _28379_/A2 (sky130_fd_sc_hd__a21oi_1)
     2    0.01    0.07    0.10    6.43 v _28379_/Y (sky130_fd_sc_hd__a21oi_1)
                                         _08872_ (net)
                  0.07    0.00    6.43 v _28380_/A2 (sky130_fd_sc_hd__o21bai_1)
     2    0.00    0.15    0.15    6.58 ^ _28380_/Y (sky130_fd_sc_hd__o21bai_1)
                                         _08873_ (net)
                  0.15    0.00    6.58 ^ _28385_/A2 (sky130_fd_sc_hd__a21oi_1)
     3    0.01    0.07    0.11    6.69 v _28385_/Y (sky130_fd_sc_hd__a21oi_1)
                                         _08878_ (net)
                  0.07    0.00    6.69 v _28391_/C (sky130_fd_sc_hd__nor4_1)
     3    0.01    0.33    0.31    7.00 ^ _28391_/Y (sky130_fd_sc_hd__nor4_1)
                                         _08884_ (net)
                  0.33    0.00    7.00 ^ _28405_/A1 (sky130_fd_sc_hd__o2111ai_1)
     2    0.00    0.12    0.18    7.18 v _28405_/Y (sky130_fd_sc_hd__o2111ai_1)
                                         _08898_ (net)
                  0.12    0.00    7.18 v _28413_/A3 (sky130_fd_sc_hd__a31oi_1)
     2    0.00    0.16    0.21    7.39 ^ _28413_/Y (sky130_fd_sc_hd__a31oi_1)
                                         _08906_ (net)
                  0.16    0.00    7.39 ^ _28423_/A2 (sky130_fd_sc_hd__o21ai_0)
     2    0.00    0.10    0.11    7.50 v _28423_/Y (sky130_fd_sc_hd__o21ai_0)
                                         _08916_ (net)
                  0.10    0.00    7.50 v _28439_/A1 (sky130_fd_sc_hd__a21bo_2)
     2    0.00    0.04    0.21    7.71 v _28439_/X (sky130_fd_sc_hd__a21bo_2)
                                         _08932_ (net)
                  0.04    0.00    7.71 v _28448_/C (sky130_fd_sc_hd__and4_1)
     3    0.01    0.05    0.19    7.90 v _28448_/X (sky130_fd_sc_hd__and4_1)
                                         _08941_ (net)
                  0.05    0.00    7.90 v _28888_/A_N (sky130_fd_sc_hd__and4bb_1)
     1    0.00    0.06    0.24    8.14 ^ _28888_/X (sky130_fd_sc_hd__and4bb_1)
                                         _09381_ (net)
                  0.06    0.00    8.14 ^ _28889_/A (sky130_fd_sc_hd__buf_4)
     7    0.02    0.07    0.13    8.27 ^ _28889_/X (sky130_fd_sc_hd__buf_4)
                                         _09382_ (net)
                  0.07    0.00    8.27 ^ _28936_/A2 (sky130_fd_sc_hd__o21ai_2)
    10    0.02    0.19    0.10    8.37 v _28936_/Y (sky130_fd_sc_hd__o21ai_2)
                                         _09421_ (net)
                  0.19    0.00    8.37 v _37851_/C (sky130_fd_sc_hd__or4_1)
     1    0.00    0.08    0.50    8.87 v _37851_/X (sky130_fd_sc_hd__or4_1)
                                         _17003_ (net)
                  0.08    0.00    8.87 v _37852_/A (sky130_fd_sc_hd__clkbuf_1)
     6    0.01    0.08    0.15    9.02 v _37852_/X (sky130_fd_sc_hd__clkbuf_1)
                                         _17004_ (net)
                  0.08    0.00    9.02 v _37873_/B (sky130_fd_sc_hd__or4_4)
     4    0.03    0.13    0.59    9.61 v _37873_/X (sky130_fd_sc_hd__or4_4)
                                         _17024_ (net)
                  0.13    0.00    9.61 v _37903_/B (sky130_fd_sc_hd__nor2_8)
     5    0.02    0.11    0.14    9.75 ^ _37903_/Y (sky130_fd_sc_hd__nor2_8)
                                         _17042_ (net)
                  0.11    0.00    9.75 ^ _37904_/C (sky130_fd_sc_hd__nand3_2)
     1    0.00    0.06    0.08    9.83 v _37904_/Y (sky130_fd_sc_hd__nand3_2)
                                         _17043_ (net)
                  0.06    0.00    9.83 v _37905_/B (sky130_fd_sc_hd__xnor2_1)
     1    0.00    0.04    0.12    9.95 v _37905_/Y (sky130_fd_sc_hd__xnor2_1)
                                         _03021_ (net)
                  0.04    0.00    9.95 v u_perf.stores_o[49]$_DFFE_PN0P_/D (sky130_fd_sc_hd__dfrtp_1)
                                  9.95   data arrival time

                  0.00   20.00   20.00   clock core_clk (rise edge)
                          0.00   20.00   clock network delay (ideal)
                          0.00   20.00   clock reconvergence pessimism
                                 20.00 ^ u_perf.stores_o[49]$_DFFE_PN0P_/CLK (sky130_fd_sc_hd__dfrtp_1)
                         -0.12   19.88   library setup time
                                 19.88   data required time
-----------------------------------------------------------------------------
                                 19.88   data required time
                                 -9.95   data arrival time
-----------------------------------------------------------------------------
                                  9.93   slack (MET)


Startpoint: u_lsu.dbus_addr_o[0]$_DFFE_PN0P_
            (rising edge-triggered flip-flop clocked by core_clk)
Endpoint: dbus_wdata_o[62] (output port clocked by vclk_core)
Path Group: vclk_core
Path Type: max

Fanout     Cap    Slew   Delay    Time   Description
-----------------------------------------------------------------------------
                  0.00    0.00    0.00   clock core_clk (rise edge)
                          0.00    0.00   clock network delay (ideal)
                  0.00    0.00    0.00 ^ u_lsu.dbus_addr_o[0]$_DFFE_PN0P_/CLK (sky130_fd_sc_hd__dfrtp_1)
     2    0.00    0.04    0.29    0.29 ^ u_lsu.dbus_addr_o[0]$_DFFE_PN0P_/Q (sky130_fd_sc_hd__dfrtp_1)
                                         dbus_addr_o[0] (net)
                  0.04    0.00    0.29 ^ _27048_/A (sky130_fd_sc_hd__clkbuf_1)
     7    0.02    0.19    0.18    0.47 ^ _27048_/X (sky130_fd_sc_hd__clkbuf_1)
                                         _07990_ (net)
                  0.19    0.00    0.47 ^ _27049_/A (sky130_fd_sc_hd__buf_1)
    10    0.04    0.51    0.43    0.91 ^ _27049_/X (sky130_fd_sc_hd__buf_1)
                                         _07991_ (net)
                  0.51    0.00    0.91 ^ _27050_/A (sky130_fd_sc_hd__buf_1)
    10    0.04    0.44    0.41    1.32 ^ _27050_/X (sky130_fd_sc_hd__buf_1)
                                         _07992_ (net)
                  0.44    0.00    1.32 ^ _27051_/A (sky130_fd_sc_hd__clkbuf_1)
    10    0.05    0.54    0.48    1.80 ^ _27051_/X (sky130_fd_sc_hd__clkbuf_1)
                                         _07993_ (net)
                  0.54    0.00    1.80 ^ _27052_/S (sky130_fd_sc_hd__mux2i_1)
     2    0.00    0.11    0.16    1.96 v _27052_/Y (sky130_fd_sc_hd__mux2i_1)
                                         _07994_ (net)
                  0.11    0.00    1.96 v _27059_/A2 (sky130_fd_sc_hd__a21oi_1)
     2    0.01    0.15    0.19    2.16 ^ _27059_/Y (sky130_fd_sc_hd__a21oi_1)
                                         _08001_ (net)
                  0.15    0.00    2.16 ^ _27060_/B (sky130_fd_sc_hd__nor2_1)
     1    0.00    0.06    0.05    2.21 v _27060_/Y (sky130_fd_sc_hd__nor2_1)
                                         _08002_ (net)
                  0.06    0.00    2.21 v _27077_/A2 (sky130_fd_sc_hd__o31ai_1)
     1    0.00    0.11    0.16    2.37 ^ _27077_/Y (sky130_fd_sc_hd__o31ai_1)
                                         dbus_wdata_o[62] (net)
                  0.11    0.00    2.37 ^ dbus_wdata_o[62] (out)
                                  2.37   data arrival time

                  0.00   20.00   20.00   clock vclk_core (rise edge)
                          0.00   20.00   clock network delay (ideal)
                          0.00   20.00   clock reconvergence pessimism
                         -4.00   16.00   output external delay
                                 16.00   data required time
-----------------------------------------------------------------------------
                                 16.00   data required time
                                 -2.37   data arrival time
-----------------------------------------------------------------------------
                                 13.63   slack (MET)



==========================================================================
floorplan final report_checks -unconstrained
--------------------------------------------------------------------------
Startpoint: u_id_ex.instr_o[21]$_DFFE_PN0P_
            (rising edge-triggered flip-flop clocked by core_clk)
Endpoint: u_perf.stores_o[49]$_DFFE_PN0P_
          (rising edge-triggered flip-flop clocked by core_clk)
Path Group: core_clk
Path Type: max

Fanout     Cap    Slew   Delay    Time   Description
-----------------------------------------------------------------------------
                  0.00    0.00    0.00   clock core_clk (rise edge)
                          0.00    0.00   clock network delay (ideal)
                  0.00    0.00    0.00 ^ u_id_ex.instr_o[21]$_DFFE_PN0P_/CLK (sky130_fd_sc_hd__dfrtp_1)
     1    0.00    0.04    0.29    0.29 ^ u_id_ex.instr_o[21]$_DFFE_PN0P_/Q (sky130_fd_sc_hd__dfrtp_1)
                                         ex_csr_addr[1] (net)
                  0.04    0.00    0.29 ^ _25025_/A (sky130_fd_sc_hd__clkbuf_1)
     8    0.02    0.22    0.20    0.49 ^ _25025_/X (sky130_fd_sc_hd__clkbuf_1)
                                         _06356_ (net)
                  0.22    0.00    0.49 ^ _25026_/A (sky130_fd_sc_hd__clkbuf_1)
    10    0.02    0.30    0.29    0.78 ^ _25026_/X (sky130_fd_sc_hd__clkbuf_1)
                                         _06357_ (net)
                  0.30    0.00    0.78 ^ _25027_/A (sky130_fd_sc_hd__buf_1)
    10    0.03    0.34    0.33    1.11 ^ _25027_/X (sky130_fd_sc_hd__buf_1)
                                         _06358_ (net)
                  0.34    0.00    1.11 ^ _25028_/A (sky130_fd_sc_hd__buf_1)
    10    0.04    0.42    0.39    1.50 ^ _25028_/X (sky130_fd_sc_hd__buf_1)
                                         _06359_ (net)
                  0.42    0.00    1.50 ^ _25029_/B (sky130_fd_sc_hd__xnor2_1)
     1    0.00    0.12    0.16    1.67 ^ _25029_/Y (sky130_fd_sc_hd__xnor2_1)
                                         _06360_ (net)
                  0.12    0.00    1.67 ^ _25030_/D (sky130_fd_sc_hd__nand4_1)
     1    0.00    0.06    0.09    1.76 v _25030_/Y (sky130_fd_sc_hd__nand4_1)
                                         _06361_ (net)
                  0.06    0.00    1.76 v _25031_/D (sky130_fd_sc_hd__or4_1)
     3    0.01    0.12    0.44    2.20 v _25031_/X (sky130_fd_sc_hd__or4_1)
                                         _00779_ (net)
                  0.12    0.00    2.20 v _26874_/A (sky130_fd_sc_hd__nand2_1)
     2    0.01    0.07    0.10    2.30 ^ _26874_/Y (sky130_fd_sc_hd__nand2_1)
                                         _00782_ (net)
                  0.07    0.00    2.30 ^ _26875_/A (sky130_fd_sc_hd__inv_1)
     1    0.00    0.03    0.04    2.34 v _26875_/Y (sky130_fd_sc_hd__inv_1)
                                         forward_b_sel[1] (net)
                  0.03    0.00    2.34 v _48851_/B (sky130_fd_sc_hd__ha_1)
     1    0.00    0.04    0.25    2.59 ^ _48851_/SUM (sky130_fd_sc_hd__ha_1)
                                         _00781_ (net)
                  0.04    0.00    2.59 ^ _24741_/A (sky130_fd_sc_hd__clkbuf_1)
     9    0.02    0.27    0.23    2.82 ^ _24741_/X (sky130_fd_sc_hd__clkbuf_1)
                                         _06086_ (net)
                  0.27    0.00    2.82 ^ _24980_/B (sky130_fd_sc_hd__nand2b_1)
     5    0.01    0.10    0.14    2.96 v _24980_/Y (sky130_fd_sc_hd__nand2b_1)
                                         _06316_ (net)
                  0.10    0.00    2.96 v _24981_/B1 (sky130_fd_sc_hd__o2111a_1)
     1    0.00    0.04    0.15    3.11 v _24981_/X (sky130_fd_sc_hd__o2111a_1)
                                         _06317_ (net)
                  0.04    0.00    3.11 v _24986_/A (sky130_fd_sc_hd__or3_1)
     1    0.00    0.06    0.35    3.46 v _24986_/X (sky130_fd_sc_hd__or3_1)
                                         _06322_ (net)
                  0.06    0.00    3.46 v _24987_/A (sky130_fd_sc_hd__buf_2)
     5    0.02    0.06    0.16    3.62 v _24987_/X (sky130_fd_sc_hd__buf_2)
                                         _06323_ (net)
                  0.06    0.00    3.62 v _27509_/A2 (sky130_fd_sc_hd__a21boi_4)
     9    0.03    0.24    0.25    3.86 ^ _27509_/Y (sky130_fd_sc_hd__a21boi_4)
                                         _08315_ (net)
                  0.24    0.00    3.86 ^ _27862_/A (sky130_fd_sc_hd__buf_4)
    10    0.04    0.11    0.22    4.08 ^ _27862_/X (sky130_fd_sc_hd__buf_4)
                                         _08491_ (net)
                  0.11    0.00    4.08 ^ _27863_/A (sky130_fd_sc_hd__buf_2)
    10    0.02    0.12    0.18    4.27 ^ _27863_/X (sky130_fd_sc_hd__buf_2)
                                         _08492_ (net)
                  0.12    0.00    4.27 ^ _27864_/A (sky130_fd_sc_hd__buf_2)
    10    0.04    0.18    0.23    4.50 ^ _27864_/X (sky130_fd_sc_hd__buf_2)
                                         _08493_ (net)
                  0.18    0.00    4.50 ^ _27865_/A (sky130_fd_sc_hd__clkbuf_1)
    10    0.03    0.32    0.30    4.80 ^ _27865_/X (sky130_fd_sc_hd__clkbuf_1)
                                         _08494_ (net)
                  0.32    0.00    4.80 ^ _27866_/A (sky130_fd_sc_hd__clkbuf_1)
    10    0.02    0.27    0.28    5.08 ^ _27866_/X (sky130_fd_sc_hd__clkbuf_1)
                                         _08495_ (net)
                  0.27    0.00    5.08 ^ _27867_/A (sky130_fd_sc_hd__clkbuf_1)
    10    0.03    0.30    0.30    5.38 ^ _27867_/X (sky130_fd_sc_hd__clkbuf_1)
                                         _08496_ (net)
                  0.30    0.00    5.38 ^ _27868_/A (sky130_fd_sc_hd__buf_1)
    11    0.03    0.36    0.34    5.73 ^ _27868_/X (sky130_fd_sc_hd__buf_1)
                                         _01092_ (net)
                  0.36    0.00    5.73 ^ _48996_/A (sky130_fd_sc_hd__ha_1)
     1    0.00    0.05    0.29    6.02 v _48996_/SUM (sky130_fd_sc_hd__ha_1)
                                         _01095_ (net)
                  0.05    0.00    6.02 v _28377_/A (sky130_fd_sc_hd__clkbuf_1)
     8    0.02    0.12    0.16    6.18 v _28377_/X (sky130_fd_sc_hd__clkbuf_1)
                                         _08870_ (net)
                  0.12    0.00    6.18 v _28378_/A1 (sky130_fd_sc_hd__o21bai_1)
     1    0.00    0.10    0.15    6.33 ^ _28378_/Y (sky130_fd_sc_hd__o21bai_1)
                                         _08871_ (net)
                  0.10    0.00    6.33 ^ _28379_/A2 (sky130_fd_sc_hd__a21oi_1)
     2    0.01    0.07    0.10    6.43 v _28379_/Y (sky130_fd_sc_hd__a21oi_1)
                                         _08872_ (net)
                  0.07    0.00    6.43 v _28380_/A2 (sky130_fd_sc_hd__o21bai_1)
     2    0.00    0.15    0.15    6.58 ^ _28380_/Y (sky130_fd_sc_hd__o21bai_1)
                                         _08873_ (net)
                  0.15    0.00    6.58 ^ _28385_/A2 (sky130_fd_sc_hd__a21oi_1)
     3    0.01    0.07    0.11    6.69 v _28385_/Y (sky130_fd_sc_hd__a21oi_1)
                                         _08878_ (net)
                  0.07    0.00    6.69 v _28391_/C (sky130_fd_sc_hd__nor4_1)
     3    0.01    0.33    0.31    7.00 ^ _28391_/Y (sky130_fd_sc_hd__nor4_1)
                                         _08884_ (net)
                  0.33    0.00    7.00 ^ _28405_/A1 (sky130_fd_sc_hd__o2111ai_1)
     2    0.00    0.12    0.18    7.18 v _28405_/Y (sky130_fd_sc_hd__o2111ai_1)
                                         _08898_ (net)
                  0.12    0.00    7.18 v _28413_/A3 (sky130_fd_sc_hd__a31oi_1)
     2    0.00    0.16    0.21    7.39 ^ _28413_/Y (sky130_fd_sc_hd__a31oi_1)
                                         _08906_ (net)
                  0.16    0.00    7.39 ^ _28423_/A2 (sky130_fd_sc_hd__o21ai_0)
     2    0.00    0.10    0.11    7.50 v _28423_/Y (sky130_fd_sc_hd__o21ai_0)
                                         _08916_ (net)
                  0.10    0.00    7.50 v _28439_/A1 (sky130_fd_sc_hd__a21bo_2)
     2    0.00    0.04    0.21    7.71 v _28439_/X (sky130_fd_sc_hd__a21bo_2)
                                         _08932_ (net)
                  0.04    0.00    7.71 v _28448_/C (sky130_fd_sc_hd__and4_1)
     3    0.01    0.05    0.19    7.90 v _28448_/X (sky130_fd_sc_hd__and4_1)
                                         _08941_ (net)
                  0.05    0.00    7.90 v _28888_/A_N (sky130_fd_sc_hd__and4bb_1)
     1    0.00    0.06    0.24    8.14 ^ _28888_/X (sky130_fd_sc_hd__and4bb_1)
                                         _09381_ (net)
                  0.06    0.00    8.14 ^ _28889_/A (sky130_fd_sc_hd__buf_4)
     7    0.02    0.07    0.13    8.27 ^ _28889_/X (sky130_fd_sc_hd__buf_4)
                                         _09382_ (net)
                  0.07    0.00    8.27 ^ _28936_/A2 (sky130_fd_sc_hd__o21ai_2)
    10    0.02    0.19    0.10    8.37 v _28936_/Y (sky130_fd_sc_hd__o21ai_2)
                                         _09421_ (net)
                  0.19    0.00    8.37 v _37851_/C (sky130_fd_sc_hd__or4_1)
     1    0.00    0.08    0.50    8.87 v _37851_/X (sky130_fd_sc_hd__or4_1)
                                         _17003_ (net)
                  0.08    0.00    8.87 v _37852_/A (sky130_fd_sc_hd__clkbuf_1)
     6    0.01    0.08    0.15    9.02 v _37852_/X (sky130_fd_sc_hd__clkbuf_1)
                                         _17004_ (net)
                  0.08    0.00    9.02 v _37873_/B (sky130_fd_sc_hd__or4_4)
     4    0.03    0.13    0.59    9.61 v _37873_/X (sky130_fd_sc_hd__or4_4)
                                         _17024_ (net)
                  0.13    0.00    9.61 v _37903_/B (sky130_fd_sc_hd__nor2_8)
     5    0.02    0.11    0.14    9.75 ^ _37903_/Y (sky130_fd_sc_hd__nor2_8)
                                         _17042_ (net)
                  0.11    0.00    9.75 ^ _37904_/C (sky130_fd_sc_hd__nand3_2)
     1    0.00    0.06    0.08    9.83 v _37904_/Y (sky130_fd_sc_hd__nand3_2)
                                         _17043_ (net)
                  0.06    0.00    9.83 v _37905_/B (sky130_fd_sc_hd__xnor2_1)
     1    0.00    0.04    0.12    9.95 v _37905_/Y (sky130_fd_sc_hd__xnor2_1)
                                         _03021_ (net)
                  0.04    0.00    9.95 v u_perf.stores_o[49]$_DFFE_PN0P_/D (sky130_fd_sc_hd__dfrtp_1)
                                  9.95   data arrival time

                  0.00   20.00   20.00   clock core_clk (rise edge)
                          0.00   20.00   clock network delay (ideal)
                          0.00   20.00   clock reconvergence pessimism
                                 20.00 ^ u_perf.stores_o[49]$_DFFE_PN0P_/CLK (sky130_fd_sc_hd__dfrtp_1)
                         -0.12   19.88   library setup time
                                 19.88   data required time
-----------------------------------------------------------------------------
                                 19.88   data required time
                                 -9.95   data arrival time
-----------------------------------------------------------------------------
                                  9.93   slack (MET)


Startpoint: u_lsu.dbus_addr_o[0]$_DFFE_PN0P_
            (rising edge-triggered flip-flop clocked by core_clk)
Endpoint: dbus_wdata_o[62] (output port clocked by vclk_core)
Path Group: vclk_core
Path Type: max

Fanout     Cap    Slew   Delay    Time   Description
-----------------------------------------------------------------------------
                  0.00    0.00    0.00   clock core_clk (rise edge)
                          0.00    0.00   clock network delay (ideal)
                  0.00    0.00    0.00 ^ u_lsu.dbus_addr_o[0]$_DFFE_PN0P_/CLK (sky130_fd_sc_hd__dfrtp_1)
     2    0.00    0.04    0.29    0.29 ^ u_lsu.dbus_addr_o[0]$_DFFE_PN0P_/Q (sky130_fd_sc_hd__dfrtp_1)
                                         dbus_addr_o[0] (net)
                  0.04    0.00    0.29 ^ _27048_/A (sky130_fd_sc_hd__clkbuf_1)
     7    0.02    0.19    0.18    0.47 ^ _27048_/X (sky130_fd_sc_hd__clkbuf_1)
                                         _07990_ (net)
                  0.19    0.00    0.47 ^ _27049_/A (sky130_fd_sc_hd__buf_1)
    10    0.04    0.51    0.43    0.91 ^ _27049_/X (sky130_fd_sc_hd__buf_1)
                                         _07991_ (net)
                  0.51    0.00    0.91 ^ _27050_/A (sky130_fd_sc_hd__buf_1)
    10    0.04    0.44    0.41    1.32 ^ _27050_/X (sky130_fd_sc_hd__buf_1)
                                         _07992_ (net)
                  0.44    0.00    1.32 ^ _27051_/A (sky130_fd_sc_hd__clkbuf_1)
    10    0.05    0.54    0.48    1.80 ^ _27051_/X (sky130_fd_sc_hd__clkbuf_1)
                                         _07993_ (net)
                  0.54    0.00    1.80 ^ _27052_/S (sky130_fd_sc_hd__mux2i_1)
     2    0.00    0.11    0.16    1.96 v _27052_/Y (sky130_fd_sc_hd__mux2i_1)
                                         _07994_ (net)
                  0.11    0.00    1.96 v _27059_/A2 (sky130_fd_sc_hd__a21oi_1)
     2    0.01    0.15    0.19    2.16 ^ _27059_/Y (sky130_fd_sc_hd__a21oi_1)
                                         _08001_ (net)
                  0.15    0.00    2.16 ^ _27060_/B (sky130_fd_sc_hd__nor2_1)
     1    0.00    0.06    0.05    2.21 v _27060_/Y (sky130_fd_sc_hd__nor2_1)
                                         _08002_ (net)
                  0.06    0.00    2.21 v _27077_/A2 (sky130_fd_sc_hd__o31ai_1)
     1    0.00    0.11    0.16    2.37 ^ _27077_/Y (sky130_fd_sc_hd__o31ai_1)
                                         dbus_wdata_o[62] (net)
                  0.11    0.00    2.37 ^ dbus_wdata_o[62] (out)
                                  2.37   data arrival time

                  0.00   20.00   20.00   clock vclk_core (rise edge)
                          0.00   20.00   clock network delay (ideal)
                          0.00   20.00   clock reconvergence pessimism
                         -4.00   16.00   output external delay
                                 16.00   data required time
-----------------------------------------------------------------------------
                                 16.00   data required time
                                 -2.37   data arrival time
-----------------------------------------------------------------------------
                                 13.63   slack (MET)



==========================================================================
floorplan final report_power
--------------------------------------------------------------------------
Group                  Internal  Switching    Leakage      Total
                          Power      Power      Power      Power (Watts)
----------------------------------------------------------------
Sequential             1.03e-02   2.45e-04   6.59e-08   1.06e-02  78.9%
Combinational          1.40e-03   1.43e-03   6.75e-08   2.83e-03  21.1%
Clock                  0.00e+00   0.00e+00   0.00e+00   0.00e+00   0.0%
Macro                  0.00e+00   0.00e+00   0.00e+00   0.00e+00   0.0%
Pad                    0.00e+00   0.00e+00   0.00e+00   0.00e+00   0.0%
----------------------------------------------------------------
Total                  1.17e-02   1.67e-03   1.33e-07   1.34e-02 100.0%
                          87.5%      12.5%       0.0%
