
==========================================================================
global route report_tns
--------------------------------------------------------------------------
tns max 0.00

==========================================================================
global route report_wns
--------------------------------------------------------------------------
wns max 0.00

==========================================================================
global route report_worst_slack
--------------------------------------------------------------------------
worst slack max 6.71

==========================================================================
global route report_clock_min_period
--------------------------------------------------------------------------
core_clk period_min = 13.29 fmax = 75.25
vclk_core period_min = 0.00 fmax = inf

==========================================================================
global route report_clock_skew
--------------------------------------------------------------------------
Clock core_clk
   1.15 source latency u_id_ex.fu_o[1]$_DFFE_PN0P_/CLK ^
  -1.03 target latency u_execute.u_muldiv.result_o[11]$_DFFE_PN0P_/CLK ^
   0.00 CRPR
--------------
   0.12 setup skew

Clock vclk_core
No launch/capture paths found.


==========================================================================
global route report_checks -path_delay min
--------------------------------------------------------------------------
Startpoint: u_regfile.regs[2045]$_DFFE_PN0P_
            (rising edge-triggered flip-flop clocked by core_clk)
Endpoint: u_regfile.regs[2045]$_DFFE_PN0P_
          (rising edge-triggered flip-flop clocked by core_clk)
Path Group: core_clk
Path Type: min

Fanout     Cap    Slew   Delay    Time   Description
-----------------------------------------------------------------------------
                          0.00    0.00   clock core_clk (rise edge)
                          0.00    0.00   clock source latency
     2    0.16    0.00    0.00    0.00 ^ clk (in)
                                         clk (net)
                  0.02    0.01    0.01 ^ clkbuf_0_clk/A (sky130_fd_sc_hd__clkbuf_16)
     4    0.17    0.18    0.22    0.23 ^ clkbuf_0_clk/X (sky130_fd_sc_hd__clkbuf_16)
                                         clknet_0_clk (net)
                  0.18    0.01    0.24 ^ clkbuf_2_1_0_clk/A (sky130_fd_sc_hd__clkbuf_16)
    16    0.31    0.32    0.37    0.61 ^ clkbuf_2_1_0_clk/X (sky130_fd_sc_hd__clkbuf_16)
                                         clknet_2_1_0_clk (net)
                  0.32    0.01    0.62 ^ clkbuf_6_30_0_clk/A (sky130_fd_sc_hd__clkbuf_16)
     7    0.13    0.14    0.29    0.91 ^ clkbuf_6_30_0_clk/X (sky130_fd_sc_hd__clkbuf_16)
                                         clknet_6_30_0_clk (net)
                  0.14    0.00    0.91 ^ clkbuf_leaf_151_clk/A (sky130_fd_sc_hd__clkbuf_16)
    11    0.04    0.06    0.18    1.09 ^ clkbuf_leaf_151_clk/X (sky130_fd_sc_hd__clkbuf_16)
                                         clknet_leaf_151_clk (net)
                  0.06    0.00    1.09 ^ u_regfile.regs[2045]$_DFFE_PN0P_/CLK (sky130_fd_sc_hd__dfrtp_1)
     3    0.01    0.09    0.36    1.46 ^ u_regfile.regs[2045]$_DFFE_PN0P_/Q (sky130_fd_sc_hd__dfrtp_1)
                                         u_regfile.regs[2045] (net)
                  0.09    0.00    1.46 ^ u_regfile.regs[2045]$_DFFE_PN0P_/D (sky130_fd_sc_hd__dfrtp_1)
                                  1.46   data arrival time

                          0.00    0.00   clock core_clk (rise edge)
                          0.00    0.00   clock source latency
     2    0.16    0.00    0.00    0.00 ^ clk (in)
                                         clk (net)
                  0.02    0.01    0.01 ^ clkbuf_0_clk/A (sky130_fd_sc_hd__clkbuf_16)
     4    0.17    0.18    0.22    0.23 ^ clkbuf_0_clk/X (sky130_fd_sc_hd__clkbuf_16)
                                         clknet_0_clk (net)
                  0.18    0.01    0.24 ^ clkbuf_2_1_0_clk/A (sky130_fd_sc_hd__clkbuf_16)
    16    0.31    0.32    0.37    0.61 ^ clkbuf_2_1_0_clk/X (sky130_fd_sc_hd__clkbuf_16)
                                         clknet_2_1_0_clk (net)
                  0.32    0.01    0.62 ^ clkbuf_6_30_0_clk/A (sky130_fd_sc_hd__clkbuf_16)
     7    0.13    0.14    0.29    0.91 ^ clkbuf_6_30_0_clk/X (sky130_fd_sc_hd__clkbuf_16)
                                         clknet_6_30_0_clk (net)
                  0.14    0.00    0.91 ^ clkbuf_leaf_151_clk/A (sky130_fd_sc_hd__clkbuf_16)
    11    0.04    0.06    0.18    1.09 ^ clkbuf_leaf_151_clk/X (sky130_fd_sc_hd__clkbuf_16)
                                         clknet_leaf_151_clk (net)
                  0.06    0.00    1.09 ^ u_regfile.regs[2045]$_DFFE_PN0P_/CLK (sky130_fd_sc_hd__dfrtp_1)
                          0.00    1.09   clock reconvergence pessimism
                         -0.04    1.05   library hold time
                                  1.05   data required time
-----------------------------------------------------------------------------
                                  1.05   data required time
                                 -1.46   data arrival time
-----------------------------------------------------------------------------
                                  0.41   slack (MET)


Startpoint: u_lsu.dbus_addr_o[46]$_DFFE_PN0P_
            (rising edge-triggered flip-flop clocked by core_clk)
Endpoint: dbus_addr_o[46] (output port clocked by vclk_core)
Path Group: vclk_core
Path Type: min

Fanout     Cap    Slew   Delay    Time   Description
-----------------------------------------------------------------------------
                          0.00    0.00   clock core_clk (rise edge)
                          0.00    0.00   clock source latency
     2    0.16    0.00    0.00    0.00 ^ clk (in)
                                         clk (net)
                  0.02    0.01    0.01 ^ clkbuf_0_clk/A (sky130_fd_sc_hd__clkbuf_16)
     4    0.17    0.18    0.22    0.23 ^ clkbuf_0_clk/X (sky130_fd_sc_hd__clkbuf_16)
                                         clknet_0_clk (net)
                  0.18    0.01    0.24 ^ clkbuf_2_2_0_clk/A (sky130_fd_sc_hd__clkbuf_16)
    16    0.32    0.33    0.38    0.61 ^ clkbuf_2_2_0_clk/X (sky130_fd_sc_hd__clkbuf_16)
                                         clknet_2_2_0_clk (net)
                  0.33    0.01    0.62 ^ clkbuf_6_46_0_clk/A (sky130_fd_sc_hd__clkbuf_16)
     7    0.13    0.14    0.29    0.91 ^ clkbuf_6_46_0_clk/X (sky130_fd_sc_hd__clkbuf_16)
                                         clknet_6_46_0_clk (net)
                  0.14    0.00    0.91 ^ clkbuf_leaf_326_clk/A (sky130_fd_sc_hd__clkbuf_16)
    12    0.04    0.06    0.18    1.09 ^ clkbuf_leaf_326_clk/X (sky130_fd_sc_hd__clkbuf_16)
                                         clknet_leaf_326_clk (net)
                  0.06    0.00    1.09 ^ u_lsu.dbus_addr_o[46]$_DFFE_PN0P_/CLK (sky130_fd_sc_hd__dfrtp_1)
     2    0.01    0.06    0.38    1.47 v u_lsu.dbus_addr_o[46]$_DFFE_PN0P_/Q (sky130_fd_sc_hd__dfrtp_1)
                                         net142 (net)
                  0.06    0.00    1.47 v output142/A (sky130_fd_sc_hd__clkdlybuf4s50_1)
     1    0.00    0.05    0.42    1.89 v output142/X (sky130_fd_sc_hd__clkdlybuf4s50_1)
                                         dbus_addr_o[46] (net)
                  0.05    0.00    1.89 v dbus_addr_o[46] (out)
                                  1.89   data arrival time

                  0.00    0.00    0.00   clock vclk_core (rise edge)
                          0.00    0.00   clock network delay (ideal)
                          0.00    0.00   clock reconvergence pessimism
                         -4.00   -4.00   output external delay
                                 -4.00   data required time
-----------------------------------------------------------------------------
                                 -4.00   data required time
                                 -1.89   data arrival time
-----------------------------------------------------------------------------
                                  5.89   slack (MET)



==========================================================================
global route report_checks -path_delay max
--------------------------------------------------------------------------
Startpoint: u_ex_mem.lsu_op_o[3]$_DFFE_PN0N_
            (rising edge-triggered flip-flop clocked by core_clk)
Endpoint: u_id_ex.pc_o[53]$_DFFE_PN0P_
          (rising edge-triggered flip-flop clocked by core_clk)
Path Group: core_clk
Path Type: max

Fanout     Cap    Slew   Delay    Time   Description
-----------------------------------------------------------------------------
                          0.00    0.00   clock core_clk (rise edge)
                          0.00    0.00   clock source latency
     2    0.16    0.00    0.00    0.00 ^ clk (in)
                                         clk (net)
                  0.02    0.01    0.01 ^ clkbuf_0_clk/A (sky130_fd_sc_hd__clkbuf_16)
     4    0.17    0.18    0.22    0.23 ^ clkbuf_0_clk/X (sky130_fd_sc_hd__clkbuf_16)
                                         clknet_0_clk (net)
                  0.18    0.01    0.24 ^ clkbuf_2_0_0_clk/A (sky130_fd_sc_hd__clkbuf_16)
    16    0.34    0.34    0.39    0.63 ^ clkbuf_2_0_0_clk/X (sky130_fd_sc_hd__clkbuf_16)
                                         clknet_2_0_0_clk (net)
                  0.34    0.01    0.64 ^ clkbuf_6_15_0_clk/A (sky130_fd_sc_hd__clkbuf_16)
     7    0.13    0.15    0.30    0.93 ^ clkbuf_6_15_0_clk/X (sky130_fd_sc_hd__clkbuf_16)
                                         clknet_6_15_0_clk (net)
                  0.15    0.00    0.94 ^ clkbuf_leaf_399_clk/A (sky130_fd_sc_hd__clkbuf_16)
     9    0.04    0.06    0.18    1.11 ^ clkbuf_leaf_399_clk/X (sky130_fd_sc_hd__clkbuf_16)
                                         clknet_leaf_399_clk (net)
                  0.06    0.00    1.11 ^ u_ex_mem.lsu_op_o[3]$_DFFE_PN0N_/CLK (sky130_fd_sc_hd__dfrtp_1)
     4    0.02    0.11    0.43    1.54 v u_ex_mem.lsu_op_o[3]$_DFFE_PN0N_/Q (sky130_fd_sc_hd__dfrtp_1)
                                         mem_lsu_op[3] (net)
                  0.11    0.00    1.54 v _24747_/A (sky130_fd_sc_hd__nor4b_2)
     2    0.01    0.30    0.37    1.92 ^ _24747_/Y (sky130_fd_sc_hd__nor4b_2)
                                         _06092_ (net)
                  0.30    0.00    1.92 ^ _25010_/A (sky130_fd_sc_hd__nand2_1)
     2    0.05    0.39    0.40    2.31 v _25010_/Y (sky130_fd_sc_hd__nand2_1)
                                         _06341_ (net)
                  0.39    0.00    2.32 v _25014_/A2 (sky130_fd_sc_hd__o2111ai_1)
     2    0.01    0.27    0.39    2.71 ^ _25014_/Y (sky130_fd_sc_hd__o2111ai_1)
                                         _06345_ (net)
                  0.27    0.00    2.71 ^ _27890_/A (sky130_fd_sc_hd__nor3_1)
     3    0.02    0.12    0.17    2.88 v _27890_/Y (sky130_fd_sc_hd__nor3_1)
                                         forward_a_sel[0] (net)
                  0.12    0.00    2.88 v _48355_/B (sky130_fd_sc_hd__or4_1)
     2    0.01    0.12    0.57    3.45 v _48355_/X (sky130_fd_sc_hd__or4_1)
                                         _00787_ (net)
                  0.12    0.00    3.45 v _48356_/A (sky130_fd_sc_hd__inv_1)
     1    0.00    0.05    0.09    3.54 ^ _48356_/Y (sky130_fd_sc_hd__inv_1)
                                         forward_a_sel[1] (net)
                  0.05    0.00    3.54 ^ _48853_/B (sky130_fd_sc_hd__ha_1)
     1    0.00    0.05    0.13    3.66 ^ _48853_/SUM (sky130_fd_sc_hd__ha_1)
                                         _00786_ (net)
                  0.05    0.00    3.66 ^ place2756/A (sky130_fd_sc_hd__buf_4)
    32    0.15    0.42    0.37    4.03 ^ place2756/X (sky130_fd_sc_hd__buf_4)
                                         net2756 (net)
                  0.42    0.02    4.06 ^ place2755/A (sky130_fd_sc_hd__buf_4)
    33    0.16    0.44    0.48    4.54 ^ place2755/X (sky130_fd_sc_hd__buf_4)
                                         net2755 (net)
                  0.44    0.01    4.55 ^ _24797_/A (sky130_fd_sc_hd__clkinv_1)
     1    0.00    0.10    0.13    4.68 v _24797_/Y (sky130_fd_sc_hd__clkinv_1)
                                         _06138_ (net)
                  0.10    0.00    4.68 v place2750/A (sky130_fd_sc_hd__buf_4)
    13    0.06    0.09    0.22    4.90 v place2750/X (sky130_fd_sc_hd__buf_4)
                                         net2750 (net)
                  0.09    0.00    4.90 v _25598_/A (sky130_fd_sc_hd__nor2_1)
     2    0.01    0.17    0.18    5.08 ^ _25598_/Y (sky130_fd_sc_hd__nor2_1)
                                         _06842_ (net)
                  0.17    0.00    5.08 ^ _27591_/B1 (sky130_fd_sc_hd__a21o_1)
     4    0.06    0.48    0.41    5.49 ^ _27591_/X (sky130_fd_sc_hd__a21o_1)
                                         _08362_ (net)
                  0.48    0.01    5.50 ^ _27592_/A (sky130_fd_sc_hd__clkinv_1)
     8    0.09    0.74    0.74    6.24 v _27592_/Y (sky130_fd_sc_hd__clkinv_1)
                                         u_execute.forwarded_rs1[40] (net)
                  0.74    0.01    6.24 v _27594_/A2 (sky130_fd_sc_hd__a21boi_1)
     4    0.03    0.61    0.74    6.98 ^ _27594_/Y (sky130_fd_sc_hd__a21boi_1)
                                         _01024_ (net)
                  0.61    0.00    6.99 ^ _48962_/B (sky130_fd_sc_hd__ha_1)
    10    0.04    0.21    0.49    7.47 v _48962_/SUM (sky130_fd_sc_hd__ha_1)
                                         _01026_ (net)
                  0.21    0.00    7.47 v _28314_/B (sky130_fd_sc_hd__or3_1)
     2    0.01    0.09    0.43    7.91 v _28314_/X (sky130_fd_sc_hd__or3_1)
                                         _08807_ (net)
                  0.09    0.00    7.91 v _28315_/C (sky130_fd_sc_hd__nor4b_1)
     2    0.02    0.80    0.68    8.59 ^ _28315_/Y (sky130_fd_sc_hd__nor4b_1)
                                         _08808_ (net)
                  0.80    0.00    8.59 ^ _28411_/C_N (sky130_fd_sc_hd__nor3b_1)
     1    0.01    0.38    0.43    9.02 ^ _28411_/Y (sky130_fd_sc_hd__nor3b_1)
                                         _08904_ (net)
                  0.38    0.00    9.02 ^ _28412_/A (sky130_fd_sc_hd__inv_1)
     1    0.01    0.08    0.10    9.12 v _28412_/Y (sky130_fd_sc_hd__inv_1)
                                         _08905_ (net)
                  0.08    0.00    9.12 v _28413_/B1 (sky130_fd_sc_hd__a31oi_1)
     2    0.04    0.93    0.70    9.82 ^ _28413_/Y (sky130_fd_sc_hd__a31oi_1)
                                         _08906_ (net)
                  0.93    0.01    9.82 ^ _28423_/A2 (sky130_fd_sc_hd__o21ai_0)
     2    0.02    0.32    0.41   10.24 v _28423_/Y (sky130_fd_sc_hd__o21ai_0)
                                         _08916_ (net)
                  0.32    0.00   10.24 v _28439_/A1 (sky130_fd_sc_hd__a21bo_2)
     2    0.01    0.05    0.31   10.54 v _28439_/X (sky130_fd_sc_hd__a21bo_2)
                                         _08932_ (net)
                  0.05    0.00   10.54 v _28448_/C (sky130_fd_sc_hd__and4_1)
     3    0.01    0.07    0.22   10.77 v _28448_/X (sky130_fd_sc_hd__and4_1)
                                         _08941_ (net)
                  0.07    0.00   10.77 v _28888_/A_N (sky130_fd_sc_hd__and4bb_1)
     1    0.00    0.08    0.27   11.03 ^ _28888_/X (sky130_fd_sc_hd__and4bb_1)
                                         _09381_ (net)
                  0.08    0.00   11.03 ^ place2393/A (sky130_fd_sc_hd__buf_4)
     7    0.10    0.28    0.28   11.32 ^ place2393/X (sky130_fd_sc_hd__buf_4)
                                         net2393 (net)
                  0.29    0.02   11.34 ^ _34725_/A3 (sky130_fd_sc_hd__o31ai_1)
     2    0.01    0.11    0.14   11.48 v _34725_/Y (sky130_fd_sc_hd__o31ai_1)
                                         _14548_ (net)
                  0.11    0.00   11.48 v _37542_/A_N (sky130_fd_sc_hd__nand2b_1)
     3    0.03    0.26    0.31   11.79 v _37542_/Y (sky130_fd_sc_hd__nand2b_1)
                                         _16805_ (net)
                  0.26    0.00   11.79 v _38019_/B (sky130_fd_sc_hd__nand2_1)
     3    0.02    0.21    0.27   12.06 ^ _38019_/Y (sky130_fd_sc_hd__nand2_1)
                                         _17108_ (net)
                  0.21    0.00   12.06 ^ _38020_/B (sky130_fd_sc_hd__and2_1)
     2    0.01    0.10    0.20   12.26 ^ _38020_/X (sky130_fd_sc_hd__and2_1)
                                         _17109_ (net)
                  0.10    0.00   12.26 ^ place2307/A (sky130_fd_sc_hd__buf_4)
    27    0.13    0.34    0.34   12.61 ^ place2307/X (sky130_fd_sc_hd__buf_4)
                                         net2307 (net)
                  0.34    0.01   12.61 ^ place2306/A (sky130_fd_sc_hd__buf_4)
    34    0.19    0.53    0.52   13.13 ^ place2306/X (sky130_fd_sc_hd__buf_4)
                                         net2306 (net)
                  0.53    0.03   13.16 ^ place2305/A (sky130_fd_sc_hd__buf_4)
    50    0.27    0.74    0.68   13.84 ^ place2305/X (sky130_fd_sc_hd__buf_4)
                                         net2305 (net)
                  0.74    0.05   13.89 ^ _38034_/S (sky130_fd_sc_hd__mux2_2)
     1    0.00    0.05    0.42   14.31 v _38034_/X (sky130_fd_sc_hd__mux2_2)
                                         _03080_ (net)
                  0.05    0.00   14.31 v u_id_ex.pc_o[53]$_DFFE_PN0P_/D (sky130_fd_sc_hd__dfrtp_1)
                                 14.31   data arrival time

                         20.00   20.00   clock core_clk (rise edge)
                          0.00   20.00   clock source latency
     2    0.16    0.00    0.00   20.00 ^ clk (in)
                                         clk (net)
                  0.02    0.01   20.01 ^ clkbuf_0_clk/A (sky130_fd_sc_hd__clkbuf_16)
     4    0.17    0.18    0.22   20.23 ^ clkbuf_0_clk/X (sky130_fd_sc_hd__clkbuf_16)
                                         clknet_0_clk (net)
                  0.18    0.01   20.24 ^ clkbuf_2_3_0_clk/A (sky130_fd_sc_hd__clkbuf_16)
    16    0.35    0.35    0.39   20.63 ^ clkbuf_2_3_0_clk/X (sky130_fd_sc_hd__clkbuf_16)
                                         clknet_2_3_0_clk (net)
                  0.35    0.01   20.65 ^ clkbuf_6_62_0_clk/A (sky130_fd_sc_hd__clkbuf_16)
    10    0.14    0.16    0.31   20.95 ^ clkbuf_6_62_0_clk/X (sky130_fd_sc_hd__clkbuf_16)
                                         clknet_6_62_0_clk (net)
                  0.16    0.00   20.95 ^ clkbuf_leaf_245_clk/A (sky130_fd_sc_hd__clkbuf_16)
    11    0.04    0.06    0.18   21.14 ^ clkbuf_leaf_245_clk/X (sky130_fd_sc_hd__clkbuf_16)
                                         clknet_leaf_245_clk (net)
                  0.06    0.00   21.14 ^ u_id_ex.pc_o[53]$_DFFE_PN0P_/CLK (sky130_fd_sc_hd__dfrtp_1)
                          0.00   21.14   clock reconvergence pessimism
                         -0.11   21.02   library setup time
                                 21.02   data required time
-----------------------------------------------------------------------------
                                 21.02   data required time
                                -14.31   data arrival time
-----------------------------------------------------------------------------
                                  6.71   slack (MET)


Startpoint: u_lsu.dbus_addr_o[0]$_DFFE_PN0P_
            (rising edge-triggered flip-flop clocked by core_clk)
Endpoint: dbus_wdata_o[34] (output port clocked by vclk_core)
Path Group: vclk_core
Path Type: max

Fanout     Cap    Slew   Delay    Time   Description
-----------------------------------------------------------------------------
                          0.00    0.00   clock core_clk (rise edge)
                          0.00    0.00   clock source latency
     2    0.16    0.00    0.00    0.00 ^ clk (in)
                                         clk (net)
                  0.02    0.01    0.01 ^ clkbuf_0_clk/A (sky130_fd_sc_hd__clkbuf_16)
     4    0.17    0.18    0.22    0.23 ^ clkbuf_0_clk/X (sky130_fd_sc_hd__clkbuf_16)
                                         clknet_0_clk (net)
                  0.18    0.01    0.24 ^ clkbuf_2_0_0_clk/A (sky130_fd_sc_hd__clkbuf_16)
    16    0.34    0.34    0.39    0.63 ^ clkbuf_2_0_0_clk/X (sky130_fd_sc_hd__clkbuf_16)
                                         clknet_2_0_0_clk (net)
                  0.34    0.01    0.64 ^ clkbuf_6_15_0_clk/A (sky130_fd_sc_hd__clkbuf_16)
     7    0.13    0.15    0.30    0.93 ^ clkbuf_6_15_0_clk/X (sky130_fd_sc_hd__clkbuf_16)
                                         clknet_6_15_0_clk (net)
                  0.15    0.00    0.93 ^ clkbuf_leaf_405_clk/A (sky130_fd_sc_hd__clkbuf_16)
    10    0.04    0.06    0.18    1.11 ^ clkbuf_leaf_405_clk/X (sky130_fd_sc_hd__clkbuf_16)
                                         clknet_leaf_405_clk (net)
                  0.06    0.00    1.11 ^ u_lsu.dbus_addr_o[0]$_DFFE_PN0P_/CLK (sky130_fd_sc_hd__dfrtp_1)
     2    0.01    0.10    0.37    1.48 ^ u_lsu.dbus_addr_o[0]$_DFFE_PN0P_/Q (sky130_fd_sc_hd__dfrtp_1)
                                         net102 (net)
                  0.10    0.00    1.48 ^ place3160/A (sky130_fd_sc_hd__buf_4)
    30    0.16    0.43    0.39    1.87 ^ place3160/X (sky130_fd_sc_hd__buf_4)
                                         net3160 (net)
                  0.43    0.03    1.89 ^ _27053_/A (sky130_fd_sc_hd__inv_1)
    24    0.12    0.55    0.56    2.46 v _27053_/Y (sky130_fd_sc_hd__inv_1)
                                         _07995_ (net)
                  0.55    0.01    2.46 v _27273_/A (sky130_fd_sc_hd__nor2_1)
     8    0.06    0.97    0.93    3.39 ^ _27273_/Y (sky130_fd_sc_hd__nor2_1)
                                         _08192_ (net)
                  0.97    0.00    3.40 ^ _27298_/A2 (sky130_fd_sc_hd__a21oi_1)
     1    0.00    0.16    0.19    3.59 v _27298_/Y (sky130_fd_sc_hd__a21oi_1)
                                         _08212_ (net)
                  0.16    0.00    3.59 v _27299_/B1 (sky130_fd_sc_hd__o221ai_1)
     1    0.01    0.21    0.24    3.83 ^ _27299_/Y (sky130_fd_sc_hd__o221ai_1)
                                         _08213_ (net)
                  0.21    0.00    3.83 ^ _27300_/B1 (sky130_fd_sc_hd__o21a_1)
     1    0.03    0.27    0.32    4.14 ^ _27300_/X (sky130_fd_sc_hd__o21a_1)
                                         net202 (net)
                  0.27    0.00    4.14 ^ output202/A (sky130_fd_sc_hd__clkdlybuf4s50_1)
     1    0.01    0.08    0.56    4.71 ^ output202/X (sky130_fd_sc_hd__clkdlybuf4s50_1)
                                         dbus_wdata_o[34] (net)
                  0.08    0.00    4.71 ^ dbus_wdata_o[34] (out)
                                  4.71   data arrival time

                  0.00   20.00   20.00   clock vclk_core (rise edge)
                          0.00   20.00   clock network delay (ideal)
                          0.00   20.00   clock reconvergence pessimism
                         -4.00   16.00   output external delay
                                 16.00   data required time
-----------------------------------------------------------------------------
                                 16.00   data required time
                                 -4.71   data arrival time
-----------------------------------------------------------------------------
                                 11.29   slack (MET)



==========================================================================
global route report_checks -unconstrained
--------------------------------------------------------------------------
Startpoint: u_ex_mem.lsu_op_o[3]$_DFFE_PN0N_
            (rising edge-triggered flip-flop clocked by core_clk)
Endpoint: u_id_ex.pc_o[53]$_DFFE_PN0P_
          (rising edge-triggered flip-flop clocked by core_clk)
Path Group: core_clk
Path Type: max

Fanout     Cap    Slew   Delay    Time   Description
-----------------------------------------------------------------------------
                          0.00    0.00   clock core_clk (rise edge)
                          0.00    0.00   clock source latency
     2    0.16    0.00    0.00    0.00 ^ clk (in)
                                         clk (net)
                  0.02    0.01    0.01 ^ clkbuf_0_clk/A (sky130_fd_sc_hd__clkbuf_16)
     4    0.17    0.18    0.22    0.23 ^ clkbuf_0_clk/X (sky130_fd_sc_hd__clkbuf_16)
                                         clknet_0_clk (net)
                  0.18    0.01    0.24 ^ clkbuf_2_0_0_clk/A (sky130_fd_sc_hd__clkbuf_16)
    16    0.34    0.34    0.39    0.63 ^ clkbuf_2_0_0_clk/X (sky130_fd_sc_hd__clkbuf_16)
                                         clknet_2_0_0_clk (net)
                  0.34    0.01    0.64 ^ clkbuf_6_15_0_clk/A (sky130_fd_sc_hd__clkbuf_16)
     7    0.13    0.15    0.30    0.93 ^ clkbuf_6_15_0_clk/X (sky130_fd_sc_hd__clkbuf_16)
                                         clknet_6_15_0_clk (net)
                  0.15    0.00    0.94 ^ clkbuf_leaf_399_clk/A (sky130_fd_sc_hd__clkbuf_16)
     9    0.04    0.06    0.18    1.11 ^ clkbuf_leaf_399_clk/X (sky130_fd_sc_hd__clkbuf_16)
                                         clknet_leaf_399_clk (net)
                  0.06    0.00    1.11 ^ u_ex_mem.lsu_op_o[3]$_DFFE_PN0N_/CLK (sky130_fd_sc_hd__dfrtp_1)
     4    0.02    0.11    0.43    1.54 v u_ex_mem.lsu_op_o[3]$_DFFE_PN0N_/Q (sky130_fd_sc_hd__dfrtp_1)
                                         mem_lsu_op[3] (net)
                  0.11    0.00    1.54 v _24747_/A (sky130_fd_sc_hd__nor4b_2)
     2    0.01    0.30    0.37    1.92 ^ _24747_/Y (sky130_fd_sc_hd__nor4b_2)
                                         _06092_ (net)
                  0.30    0.00    1.92 ^ _25010_/A (sky130_fd_sc_hd__nand2_1)
     2    0.05    0.39    0.40    2.31 v _25010_/Y (sky130_fd_sc_hd__nand2_1)
                                         _06341_ (net)
                  0.39    0.00    2.32 v _25014_/A2 (sky130_fd_sc_hd__o2111ai_1)
     2    0.01    0.27    0.39    2.71 ^ _25014_/Y (sky130_fd_sc_hd__o2111ai_1)
                                         _06345_ (net)
                  0.27    0.00    2.71 ^ _27890_/A (sky130_fd_sc_hd__nor3_1)
     3    0.02    0.12    0.17    2.88 v _27890_/Y (sky130_fd_sc_hd__nor3_1)
                                         forward_a_sel[0] (net)
                  0.12    0.00    2.88 v _48355_/B (sky130_fd_sc_hd__or4_1)
     2    0.01    0.12    0.57    3.45 v _48355_/X (sky130_fd_sc_hd__or4_1)
                                         _00787_ (net)
                  0.12    0.00    3.45 v _48356_/A (sky130_fd_sc_hd__inv_1)
     1    0.00    0.05    0.09    3.54 ^ _48356_/Y (sky130_fd_sc_hd__inv_1)
                                         forward_a_sel[1] (net)
                  0.05    0.00    3.54 ^ _48853_/B (sky130_fd_sc_hd__ha_1)
     1    0.00    0.05    0.13    3.66 ^ _48853_/SUM (sky130_fd_sc_hd__ha_1)
                                         _00786_ (net)
                  0.05    0.00    3.66 ^ place2756/A (sky130_fd_sc_hd__buf_4)
    32    0.15    0.42    0.37    4.03 ^ place2756/X (sky130_fd_sc_hd__buf_4)
                                         net2756 (net)
                  0.42    0.02    4.06 ^ place2755/A (sky130_fd_sc_hd__buf_4)
    33    0.16    0.44    0.48    4.54 ^ place2755/X (sky130_fd_sc_hd__buf_4)
                                         net2755 (net)
                  0.44    0.01    4.55 ^ _24797_/A (sky130_fd_sc_hd__clkinv_1)
     1    0.00    0.10    0.13    4.68 v _24797_/Y (sky130_fd_sc_hd__clkinv_1)
                                         _06138_ (net)
                  0.10    0.00    4.68 v place2750/A (sky130_fd_sc_hd__buf_4)
    13    0.06    0.09    0.22    4.90 v place2750/X (sky130_fd_sc_hd__buf_4)
                                         net2750 (net)
                  0.09    0.00    4.90 v _25598_/A (sky130_fd_sc_hd__nor2_1)
     2    0.01    0.17    0.18    5.08 ^ _25598_/Y (sky130_fd_sc_hd__nor2_1)
                                         _06842_ (net)
                  0.17    0.00    5.08 ^ _27591_/B1 (sky130_fd_sc_hd__a21o_1)
     4    0.06    0.48    0.41    5.49 ^ _27591_/X (sky130_fd_sc_hd__a21o_1)
                                         _08362_ (net)
                  0.48    0.01    5.50 ^ _27592_/A (sky130_fd_sc_hd__clkinv_1)
     8    0.09    0.74    0.74    6.24 v _27592_/Y (sky130_fd_sc_hd__clkinv_1)
                                         u_execute.forwarded_rs1[40] (net)
                  0.74    0.01    6.24 v _27594_/A2 (sky130_fd_sc_hd__a21boi_1)
     4    0.03    0.61    0.74    6.98 ^ _27594_/Y (sky130_fd_sc_hd__a21boi_1)
                                         _01024_ (net)
                  0.61    0.00    6.99 ^ _48962_/B (sky130_fd_sc_hd__ha_1)
    10    0.04    0.21    0.49    7.47 v _48962_/SUM (sky130_fd_sc_hd__ha_1)
                                         _01026_ (net)
                  0.21    0.00    7.47 v _28314_/B (sky130_fd_sc_hd__or3_1)
     2    0.01    0.09    0.43    7.91 v _28314_/X (sky130_fd_sc_hd__or3_1)
                                         _08807_ (net)
                  0.09    0.00    7.91 v _28315_/C (sky130_fd_sc_hd__nor4b_1)
     2    0.02    0.80    0.68    8.59 ^ _28315_/Y (sky130_fd_sc_hd__nor4b_1)
                                         _08808_ (net)
                  0.80    0.00    8.59 ^ _28411_/C_N (sky130_fd_sc_hd__nor3b_1)
     1    0.01    0.38    0.43    9.02 ^ _28411_/Y (sky130_fd_sc_hd__nor3b_1)
                                         _08904_ (net)
                  0.38    0.00    9.02 ^ _28412_/A (sky130_fd_sc_hd__inv_1)
     1    0.01    0.08    0.10    9.12 v _28412_/Y (sky130_fd_sc_hd__inv_1)
                                         _08905_ (net)
                  0.08    0.00    9.12 v _28413_/B1 (sky130_fd_sc_hd__a31oi_1)
     2    0.04    0.93    0.70    9.82 ^ _28413_/Y (sky130_fd_sc_hd__a31oi_1)
                                         _08906_ (net)
                  0.93    0.01    9.82 ^ _28423_/A2 (sky130_fd_sc_hd__o21ai_0)
     2    0.02    0.32    0.41   10.24 v _28423_/Y (sky130_fd_sc_hd__o21ai_0)
                                         _08916_ (net)
                  0.32    0.00   10.24 v _28439_/A1 (sky130_fd_sc_hd__a21bo_2)
     2    0.01    0.05    0.31   10.54 v _28439_/X (sky130_fd_sc_hd__a21bo_2)
                                         _08932_ (net)
                  0.05    0.00   10.54 v _28448_/C (sky130_fd_sc_hd__and4_1)
     3    0.01    0.07    0.22   10.77 v _28448_/X (sky130_fd_sc_hd__and4_1)
                                         _08941_ (net)
                  0.07    0.00   10.77 v _28888_/A_N (sky130_fd_sc_hd__and4bb_1)
     1    0.00    0.08    0.27   11.03 ^ _28888_/X (sky130_fd_sc_hd__and4bb_1)
                                         _09381_ (net)
                  0.08    0.00   11.03 ^ place2393/A (sky130_fd_sc_hd__buf_4)
     7    0.10    0.28    0.28   11.32 ^ place2393/X (sky130_fd_sc_hd__buf_4)
                                         net2393 (net)
                  0.29    0.02   11.34 ^ _34725_/A3 (sky130_fd_sc_hd__o31ai_1)
     2    0.01    0.11    0.14   11.48 v _34725_/Y (sky130_fd_sc_hd__o31ai_1)
                                         _14548_ (net)
                  0.11    0.00   11.48 v _37542_/A_N (sky130_fd_sc_hd__nand2b_1)
     3    0.03    0.26    0.31   11.79 v _37542_/Y (sky130_fd_sc_hd__nand2b_1)
                                         _16805_ (net)
                  0.26    0.00   11.79 v _38019_/B (sky130_fd_sc_hd__nand2_1)
     3    0.02    0.21    0.27   12.06 ^ _38019_/Y (sky130_fd_sc_hd__nand2_1)
                                         _17108_ (net)
                  0.21    0.00   12.06 ^ _38020_/B (sky130_fd_sc_hd__and2_1)
     2    0.01    0.10    0.20   12.26 ^ _38020_/X (sky130_fd_sc_hd__and2_1)
                                         _17109_ (net)
                  0.10    0.00   12.26 ^ place2307/A (sky130_fd_sc_hd__buf_4)
    27    0.13    0.34    0.34   12.61 ^ place2307/X (sky130_fd_sc_hd__buf_4)
                                         net2307 (net)
                  0.34    0.01   12.61 ^ place2306/A (sky130_fd_sc_hd__buf_4)
    34    0.19    0.53    0.52   13.13 ^ place2306/X (sky130_fd_sc_hd__buf_4)
                                         net2306 (net)
                  0.53    0.03   13.16 ^ place2305/A (sky130_fd_sc_hd__buf_4)
    50    0.27    0.74    0.68   13.84 ^ place2305/X (sky130_fd_sc_hd__buf_4)
                                         net2305 (net)
                  0.74    0.05   13.89 ^ _38034_/S (sky130_fd_sc_hd__mux2_2)
     1    0.00    0.05    0.42   14.31 v _38034_/X (sky130_fd_sc_hd__mux2_2)
                                         _03080_ (net)
                  0.05    0.00   14.31 v u_id_ex.pc_o[53]$_DFFE_PN0P_/D (sky130_fd_sc_hd__dfrtp_1)
                                 14.31   data arrival time

                         20.00   20.00   clock core_clk (rise edge)
                          0.00   20.00   clock source latency
     2    0.16    0.00    0.00   20.00 ^ clk (in)
                                         clk (net)
                  0.02    0.01   20.01 ^ clkbuf_0_clk/A (sky130_fd_sc_hd__clkbuf_16)
     4    0.17    0.18    0.22   20.23 ^ clkbuf_0_clk/X (sky130_fd_sc_hd__clkbuf_16)
                                         clknet_0_clk (net)
                  0.18    0.01   20.24 ^ clkbuf_2_3_0_clk/A (sky130_fd_sc_hd__clkbuf_16)
    16    0.35    0.35    0.39   20.63 ^ clkbuf_2_3_0_clk/X (sky130_fd_sc_hd__clkbuf_16)
                                         clknet_2_3_0_clk (net)
                  0.35    0.01   20.65 ^ clkbuf_6_62_0_clk/A (sky130_fd_sc_hd__clkbuf_16)
    10    0.14    0.16    0.31   20.95 ^ clkbuf_6_62_0_clk/X (sky130_fd_sc_hd__clkbuf_16)
                                         clknet_6_62_0_clk (net)
                  0.16    0.00   20.95 ^ clkbuf_leaf_245_clk/A (sky130_fd_sc_hd__clkbuf_16)
    11    0.04    0.06    0.18   21.14 ^ clkbuf_leaf_245_clk/X (sky130_fd_sc_hd__clkbuf_16)
                                         clknet_leaf_245_clk (net)
                  0.06    0.00   21.14 ^ u_id_ex.pc_o[53]$_DFFE_PN0P_/CLK (sky130_fd_sc_hd__dfrtp_1)
                          0.00   21.14   clock reconvergence pessimism
                         -0.11   21.02   library setup time
                                 21.02   data required time
-----------------------------------------------------------------------------
                                 21.02   data required time
                                -14.31   data arrival time
-----------------------------------------------------------------------------
                                  6.71   slack (MET)


Startpoint: u_lsu.dbus_addr_o[0]$_DFFE_PN0P_
            (rising edge-triggered flip-flop clocked by core_clk)
Endpoint: dbus_wdata_o[34] (output port clocked by vclk_core)
Path Group: vclk_core
Path Type: max

Fanout     Cap    Slew   Delay    Time   Description
-----------------------------------------------------------------------------
                          0.00    0.00   clock core_clk (rise edge)
                          0.00    0.00   clock source latency
     2    0.16    0.00    0.00    0.00 ^ clk (in)
                                         clk (net)
                  0.02    0.01    0.01 ^ clkbuf_0_clk/A (sky130_fd_sc_hd__clkbuf_16)
     4    0.17    0.18    0.22    0.23 ^ clkbuf_0_clk/X (sky130_fd_sc_hd__clkbuf_16)
                                         clknet_0_clk (net)
                  0.18    0.01    0.24 ^ clkbuf_2_0_0_clk/A (sky130_fd_sc_hd__clkbuf_16)
    16    0.34    0.34    0.39    0.63 ^ clkbuf_2_0_0_clk/X (sky130_fd_sc_hd__clkbuf_16)
                                         clknet_2_0_0_clk (net)
                  0.34    0.01    0.64 ^ clkbuf_6_15_0_clk/A (sky130_fd_sc_hd__clkbuf_16)
     7    0.13    0.15    0.30    0.93 ^ clkbuf_6_15_0_clk/X (sky130_fd_sc_hd__clkbuf_16)
                                         clknet_6_15_0_clk (net)
                  0.15    0.00    0.93 ^ clkbuf_leaf_405_clk/A (sky130_fd_sc_hd__clkbuf_16)
    10    0.04    0.06    0.18    1.11 ^ clkbuf_leaf_405_clk/X (sky130_fd_sc_hd__clkbuf_16)
                                         clknet_leaf_405_clk (net)
                  0.06    0.00    1.11 ^ u_lsu.dbus_addr_o[0]$_DFFE_PN0P_/CLK (sky130_fd_sc_hd__dfrtp_1)
     2    0.01    0.10    0.37    1.48 ^ u_lsu.dbus_addr_o[0]$_DFFE_PN0P_/Q (sky130_fd_sc_hd__dfrtp_1)
                                         net102 (net)
                  0.10    0.00    1.48 ^ place3160/A (sky130_fd_sc_hd__buf_4)
    30    0.16    0.43    0.39    1.87 ^ place3160/X (sky130_fd_sc_hd__buf_4)
                                         net3160 (net)
                  0.43    0.03    1.89 ^ _27053_/A (sky130_fd_sc_hd__inv_1)
    24    0.12    0.55    0.56    2.46 v _27053_/Y (sky130_fd_sc_hd__inv_1)
                                         _07995_ (net)
                  0.55    0.01    2.46 v _27273_/A (sky130_fd_sc_hd__nor2_1)
     8    0.06    0.97    0.93    3.39 ^ _27273_/Y (sky130_fd_sc_hd__nor2_1)
                                         _08192_ (net)
                  0.97    0.00    3.40 ^ _27298_/A2 (sky130_fd_sc_hd__a21oi_1)
     1    0.00    0.16    0.19    3.59 v _27298_/Y (sky130_fd_sc_hd__a21oi_1)
                                         _08212_ (net)
                  0.16    0.00    3.59 v _27299_/B1 (sky130_fd_sc_hd__o221ai_1)
     1    0.01    0.21    0.24    3.83 ^ _27299_/Y (sky130_fd_sc_hd__o221ai_1)
                                         _08213_ (net)
                  0.21    0.00    3.83 ^ _27300_/B1 (sky130_fd_sc_hd__o21a_1)
     1    0.03    0.27    0.32    4.14 ^ _27300_/X (sky130_fd_sc_hd__o21a_1)
                                         net202 (net)
                  0.27    0.00    4.14 ^ output202/A (sky130_fd_sc_hd__clkdlybuf4s50_1)
     1    0.01    0.08    0.56    4.71 ^ output202/X (sky130_fd_sc_hd__clkdlybuf4s50_1)
                                         dbus_wdata_o[34] (net)
                  0.08    0.00    4.71 ^ dbus_wdata_o[34] (out)
                                  4.71   data arrival time

                  0.00   20.00   20.00   clock vclk_core (rise edge)
                          0.00   20.00   clock network delay (ideal)
                          0.00   20.00   clock reconvergence pessimism
                         -4.00   16.00   output external delay
                                 16.00   data required time
-----------------------------------------------------------------------------
                                 16.00   data required time
                                 -4.71   data arrival time
-----------------------------------------------------------------------------
                                 11.29   slack (MET)



==========================================================================
global route report_check_types -max_slew -max_cap -max_fanout -violators
--------------------------------------------------------------------------

==========================================================================
global route max_slew_check_slack
--------------------------------------------------------------------------
0.3031415343284607

==========================================================================
global route max_slew_check_limit
--------------------------------------------------------------------------
1.4932399988174438

==========================================================================
global route max_slew_check_slack_limit
--------------------------------------------------------------------------
0.2030

==========================================================================
global route max_fanout_check_slack
--------------------------------------------------------------------------
1.0000000150474662e+30

==========================================================================
global route max_fanout_check_limit
--------------------------------------------------------------------------
1.0000000150474662e+30

==========================================================================
global route max_capacitance_check_slack
--------------------------------------------------------------------------
0.0046698180958628654

==========================================================================
global route max_capacitance_check_limit
--------------------------------------------------------------------------
0.021067000925540924

==========================================================================
global route max_capacitance_check_slack_limit
--------------------------------------------------------------------------
0.2217

==========================================================================
global route max_slew_violation_count
--------------------------------------------------------------------------
max slew violation count 0

==========================================================================
global route max_fanout_violation_count
--------------------------------------------------------------------------
max fanout violation count 0

==========================================================================
global route max_cap_violation_count
--------------------------------------------------------------------------
max cap violation count 0

==========================================================================
global route setup_violation_count
--------------------------------------------------------------------------
setup violation count 0

==========================================================================
global route hold_violation_count
--------------------------------------------------------------------------
hold violation count 0

==========================================================================
global route report_checks -path_delay max reg to reg
--------------------------------------------------------------------------
Startpoint: u_ex_mem.lsu_op_o[3]$_DFFE_PN0N_
            (rising edge-triggered flip-flop clocked by core_clk)
Endpoint: u_id_ex.pc_o[53]$_DFFE_PN0P_
          (rising edge-triggered flip-flop clocked by core_clk)
Path Group: core_clk
Path Type: max

  Delay    Time   Description
---------------------------------------------------------
   0.00    0.00   clock core_clk (rise edge)
   0.00    0.00   clock source latency
   0.00    0.00 ^ clk (in)
   0.23    0.23 ^ clkbuf_0_clk/X (sky130_fd_sc_hd__clkbuf_16)
   0.39    0.63 ^ clkbuf_2_0_0_clk/X (sky130_fd_sc_hd__clkbuf_16)
   0.31    0.93 ^ clkbuf_6_15_0_clk/X (sky130_fd_sc_hd__clkbuf_16)
   0.18    1.11 ^ clkbuf_leaf_399_clk/X (sky130_fd_sc_hd__clkbuf_16)
   0.00    1.11 ^ u_ex_mem.lsu_op_o[3]$_DFFE_PN0N_/CLK (sky130_fd_sc_hd__dfrtp_1)
   0.43    1.54 v u_ex_mem.lsu_op_o[3]$_DFFE_PN0N_/Q (sky130_fd_sc_hd__dfrtp_1)
   0.37    1.92 ^ _24747_/Y (sky130_fd_sc_hd__nor4b_2)
   0.40    2.31 v _25010_/Y (sky130_fd_sc_hd__nand2_1)
   0.39    2.71 ^ _25014_/Y (sky130_fd_sc_hd__o2111ai_1)
   0.17    2.88 v _27890_/Y (sky130_fd_sc_hd__nor3_1)
   0.57    3.45 v _48355_/X (sky130_fd_sc_hd__or4_1)
   0.09    3.54 ^ _48356_/Y (sky130_fd_sc_hd__inv_1)
   0.13    3.66 ^ _48853_/SUM (sky130_fd_sc_hd__ha_1)
   0.37    4.03 ^ place2756/X (sky130_fd_sc_hd__buf_4)
   0.51    4.54 ^ place2755/X (sky130_fd_sc_hd__buf_4)
   0.14    4.68 v _24797_/Y (sky130_fd_sc_hd__clkinv_1)
   0.22    4.90 v place2750/X (sky130_fd_sc_hd__buf_4)
   0.18    5.08 ^ _25598_/Y (sky130_fd_sc_hd__nor2_1)
   0.41    5.49 ^ _27591_/X (sky130_fd_sc_hd__a21o_1)
   0.74    6.24 v _27592_/Y (sky130_fd_sc_hd__clkinv_1)
   0.75    6.98 ^ _27594_/Y (sky130_fd_sc_hd__a21boi_1)
   0.49    7.47 v _48962_/SUM (sky130_fd_sc_hd__ha_1)
   0.44    7.91 v _28314_/X (sky130_fd_sc_hd__or3_1)
   0.68    8.59 ^ _28315_/Y (sky130_fd_sc_hd__nor4b_1)
   0.43    9.02 ^ _28411_/Y (sky130_fd_sc_hd__nor3b_1)
   0.10    9.12 v _28412_/Y (sky130_fd_sc_hd__inv_1)
   0.70    9.82 ^ _28413_/Y (sky130_fd_sc_hd__a31oi_1)
   0.42   10.24 v _28423_/Y (sky130_fd_sc_hd__o21ai_0)
   0.31   10.54 v _28439_/X (sky130_fd_sc_hd__a21bo_2)
   0.22   10.77 v _28448_/X (sky130_fd_sc_hd__and4_1)
   0.27   11.03 ^ _28888_/X (sky130_fd_sc_hd__and4bb_1)
   0.28   11.32 ^ place2393/X (sky130_fd_sc_hd__buf_4)
   0.16   11.48 v _34725_/Y (sky130_fd_sc_hd__o31ai_1)
   0.31   11.79 v _37542_/Y (sky130_fd_sc_hd__nand2b_1)
   0.27   12.06 ^ _38019_/Y (sky130_fd_sc_hd__nand2_1)
   0.20   12.26 ^ _38020_/X (sky130_fd_sc_hd__and2_1)
   0.34   12.61 ^ place2307/X (sky130_fd_sc_hd__buf_4)
   0.52   13.13 ^ place2306/X (sky130_fd_sc_hd__buf_4)
   0.72   13.84 ^ place2305/X (sky130_fd_sc_hd__buf_4)
   0.47   14.31 v _38034_/X (sky130_fd_sc_hd__mux2_2)
   0.00   14.31 v u_id_ex.pc_o[53]$_DFFE_PN0P_/D (sky130_fd_sc_hd__dfrtp_1)
          14.31   data arrival time

  20.00   20.00   clock core_clk (rise edge)
   0.00   20.00   clock source latency
   0.00   20.00 ^ clk (in)
   0.23   20.23 ^ clkbuf_0_clk/X (sky130_fd_sc_hd__clkbuf_16)
   0.40   20.63 ^ clkbuf_2_3_0_clk/X (sky130_fd_sc_hd__clkbuf_16)
   0.32   20.95 ^ clkbuf_6_62_0_clk/X (sky130_fd_sc_hd__clkbuf_16)
   0.18   21.14 ^ clkbuf_leaf_245_clk/X (sky130_fd_sc_hd__clkbuf_16)
   0.00   21.14 ^ u_id_ex.pc_o[53]$_DFFE_PN0P_/CLK (sky130_fd_sc_hd__dfrtp_1)
   0.00   21.14   clock reconvergence pessimism
  -0.11   21.02   library setup time
          21.02   data required time
---------------------------------------------------------
          21.02   data required time
         -14.31   data arrival time
---------------------------------------------------------
           6.71   slack (MET)



==========================================================================
global route report_checks -path_delay min reg to reg
--------------------------------------------------------------------------
Startpoint: u_regfile.regs[2045]$_DFFE_PN0P_
            (rising edge-triggered flip-flop clocked by core_clk)
Endpoint: u_regfile.regs[2045]$_DFFE_PN0P_
          (rising edge-triggered flip-flop clocked by core_clk)
Path Group: core_clk
Path Type: min

  Delay    Time   Description
---------------------------------------------------------
   0.00    0.00   clock core_clk (rise edge)
   0.00    0.00   clock source latency
   0.00    0.00 ^ clk (in)
   0.23    0.23 ^ clkbuf_0_clk/X (sky130_fd_sc_hd__clkbuf_16)
   0.38    0.61 ^ clkbuf_2_1_0_clk/X (sky130_fd_sc_hd__clkbuf_16)
   0.30    0.91 ^ clkbuf_6_30_0_clk/X (sky130_fd_sc_hd__clkbuf_16)
   0.18    1.09 ^ clkbuf_leaf_151_clk/X (sky130_fd_sc_hd__clkbuf_16)
   0.00    1.09 ^ u_regfile.regs[2045]$_DFFE_PN0P_/CLK (sky130_fd_sc_hd__dfrtp_1)
   0.36    1.46 ^ u_regfile.regs[2045]$_DFFE_PN0P_/Q (sky130_fd_sc_hd__dfrtp_1)
   0.00    1.46 ^ u_regfile.regs[2045]$_DFFE_PN0P_/D (sky130_fd_sc_hd__dfrtp_1)
           1.46   data arrival time

   0.00    0.00   clock core_clk (rise edge)
   0.00    0.00   clock source latency
   0.00    0.00 ^ clk (in)
   0.23    0.23 ^ clkbuf_0_clk/X (sky130_fd_sc_hd__clkbuf_16)
   0.38    0.61 ^ clkbuf_2_1_0_clk/X (sky130_fd_sc_hd__clkbuf_16)
   0.30    0.91 ^ clkbuf_6_30_0_clk/X (sky130_fd_sc_hd__clkbuf_16)
   0.18    1.09 ^ clkbuf_leaf_151_clk/X (sky130_fd_sc_hd__clkbuf_16)
   0.00    1.09 ^ u_regfile.regs[2045]$_DFFE_PN0P_/CLK (sky130_fd_sc_hd__dfrtp_1)
   0.00    1.09   clock reconvergence pessimism
  -0.04    1.05   library hold time
           1.05   data required time
---------------------------------------------------------
           1.05   data required time
          -1.46   data arrival time
---------------------------------------------------------
           0.41   slack (MET)



==========================================================================
global route critical path target clock latency max path
--------------------------------------------------------------------------
1.1506

==========================================================================
global route critical path target clock latency min path
--------------------------------------------------------------------------
1.1563

==========================================================================
global route critical path source clock latency min path
--------------------------------------------------------------------------
0.0000

==========================================================================
global route critical path delay
--------------------------------------------------------------------------
14.3119

==========================================================================
global route critical path slack
--------------------------------------------------------------------------
6.7111

==========================================================================
global route slack div critical path delay
--------------------------------------------------------------------------
46.891747

==========================================================================
global route report_power
--------------------------------------------------------------------------
Group                  Internal  Switching    Leakage      Total
                          Power      Power      Power      Power (Watts)
----------------------------------------------------------------
Sequential             1.01e-02   7.74e-04   6.59e-08   1.09e-02  39.4%
Combinational          1.66e-03   3.94e-03   7.41e-08   5.59e-03  20.2%
Clock                  6.25e-03   4.96e-03   9.35e-09   1.12e-02  40.5%
Macro                  0.00e+00   0.00e+00   0.00e+00   0.00e+00   0.0%
Pad                    0.00e+00   0.00e+00   0.00e+00   0.00e+00   0.0%
----------------------------------------------------------------
Total                  1.80e-02   9.67e-03   1.49e-07   2.77e-02 100.0%
                          65.1%      34.9%       0.0%
